// Jest Snapshot v1, https://goo.gl/fbAQLP

exports[`Test userDao should get a stable getAllUserData 1`] = `
Object {
  "category": 0,
  "followers": Array [
    "1",
    "4",
  ],
  "followersDetail": Array [
    Object {
      "followDetected": 123,
      "followerId": "1",
      "snowflakeId": "1654482657084000",
      "uncachable": false,
      "userId": "1",
    },
    Object {
      "followDetected": 456,
      "followerId": "4",
      "snowflakeId": null,
      "uncachable": true,
      "userId": "1",
    },
  ],
  "nextCheckTime": 123,
  "temporaryFollowerList": null,
  "userParams": Object {
    "added_at": 1234,
    "customerId": "",
    "dmId": "",
    "dmToken": "",
    "dmTokenSecret": "",
    "lang": "fr",
    "pro": "0",
    "token": "t0k3n",
    "tokenSecret": "s3cr3t",
  },
  "username": "user 1",
}
`;
