// Jest Snapshot v1, https://goo.gl/fbAQLP

exports[`Test userDao should get a stable getAllUserData 1`] = `
Object {
  "category": 0,
  "followers": null,
  "followersDetail": Array [],
  "nextCheckTime": 0,
  "temporaryFollowerList": null,
  "userParams": Object {
    "added_at": 1234,
    "customerId": "",
    "dmId": "",
    "dmToken": "",
    "dmTokenSecret": "",
    "lang": "fr",
    "pro": "0",
    "token": "t0k3n",
    "tokenSecret": "s3cr3t",
  },
  "username": "user 1",
}
`;
